# MODULE-001-T111 (1) `advance start` stderr on H6 (capabilities: fs, llm, memory; deployed driver; no git repository) — normalised, spawn to EOF after SIGTERM
# captured on the pre-lane OSS tree (main 678b7a77 = v0.1.26 + the sign-in retry fix + the workspace version bump after it, plus the read-only ClientApi::route_table accessor), before the runtime-compose move
advance: rollback-memory git half not wired (workspace is not a git repository): Libgit2 { code: "NotFound", message: "could not find repository at '<ROOT>/ws'" }
advance: Client API and Web Console listening at http://127.0.0.1:<PORT>
