# MODULE-001-T111 (1) `advance start` on H1 (capabilities: fs, llm; deployed driver; no git repository) with stderr joined to stdout's pipe (the order of the lines across both streams) — normalised, spawn to EOF after SIGTERM
# captured on the pre-lane OSS tree (main 84a82451, plus the read-only ClientApi::route_table accessor), before the runtime-compose move
advance: Client API and Web Console listening at http://127.0.0.1:<PORT>
advance: runtime ready (workspace="<ROOT>/ws")
advance: agent loop wired (component loaded; serving inbound messages)
advance: msg listener on http://127.0.0.1:<PORT>/msg
advance: continuous component reconciliation wired (component-type breaker gate active)
advance: shutting down
