# MODULE-001-T111 (1) `advance start` stdout on H4 (capabilities: fs, llm, grant; deployed driver; no git repository) — normalised, spawn to EOF after SIGTERM
# captured on the pre-lane OSS tree (main 678b7a77 = v0.1.26 + the sign-in retry fix + the workspace version bump after it, plus the read-only ClientApi::route_table accessor), before the runtime-compose move
advance: runtime ready (workspace="<ROOT>/ws")
advance: agent loop wired (component loaded; serving inbound messages)
advance: msg listener on http://127.0.0.1:<PORT>/msg
advance: continuous component reconciliation wired (component-type breaker gate active)
advance: shutting down
